{
  "version": "1.5.0",
  "plugins_used": [
    {
      "name": "ArtifactoryDetector"
    },
    {
      "name": "AWSKeyDetector"
    },
    {
      "name": "AzureStorageKeyDetector"
    },
    {
      "name": "Base64HighEntropyString",
      "limit": 4.5
    },
    {
      "name": "BasicAuthDetector"
    },
    {
      "name": "CloudantDetector"
    },
    {
      "name": "DiscordBotTokenDetector"
    },
    {
      "name": "GitHubTokenDetector"
    },
    {
      "name": "GitLabTokenDetector"
    },
    {
      "name": "HexHighEntropyString",
      "limit": 3.0
    },
    {
      "name": "IbmCloudIamDetector"
    },
    {
      "name": "IbmCosHmacDetector"
    },
    {
      "name": "IPPublicDetector"
    },
    {
      "name": "JwtTokenDetector"
    },
    {
      "name": "KeywordDetector",
      "keyword_exclude": ""
    },
    {
      "name": "MailchimpDetector"
    },
    {
      "name": "NpmDetector"
    },
    {
      "name": "OpenAIDetector"
    },
    {
      "name": "PrivateKeyDetector"
    },
    {
      "name": "PypiTokenDetector"
    },
    {
      "name": "SendGridDetector"
    },
    {
      "name": "SlackDetector"
    },
    {
      "name": "SoftlayerDetector"
    },
    {
      "name": "SquareOAuthDetector"
    },
    {
      "name": "StripeDetector"
    },
    {
      "name": "TelegramBotTokenDetector"
    },
    {
      "name": "TwilioKeyDetector"
    }
  ],
  "filters_used": [
    {
      "path": "detect_secrets.filters.allowlist.is_line_allowlisted"
    },
    {
      "path": "detect_secrets.filters.common.is_baseline_file",
      "filename": ".secrets.baseline"
    },
    {
      "path": "detect_secrets.filters.common.is_ignored_due_to_verification_policies",
      "min_level": 2
    },
    {
      "path": "detect_secrets.filters.heuristic.is_indirect_reference"
    },
    {
      "path": "detect_secrets.filters.heuristic.is_likely_id_string"
    },
    {
      "path": "detect_secrets.filters.heuristic.is_lock_file"
    },
    {
      "path": "detect_secrets.filters.heuristic.is_not_alphanumeric_string"
    },
    {
      "path": "detect_secrets.filters.heuristic.is_potential_uuid"
    },
    {
      "path": "detect_secrets.filters.heuristic.is_prefixed_with_dollar_sign"
    },
    {
      "path": "detect_secrets.filters.heuristic.is_sequential_string"
    },
    {
      "path": "detect_secrets.filters.heuristic.is_swagger_file"
    },
    {
      "path": "detect_secrets.filters.heuristic.is_templated_secret"
    }
  ],
  "results": {
    "Makefile": [
      {
        "type": "Basic Auth Credentials",
        "filename": "Makefile",
        "hashed_secret": "4a966b3130a4a7f922a189fca4f8b35318242f5f",
        "is_verified": false,
        "line_number": 112,
        "is_secret": false
      }
    ],
    "cdc/fixtures/expectations.json": [
      {
        "type": "Hex High Entropy String",
        "filename": "cdc/fixtures/expectations.json",
        "hashed_secret": "36d1c4ee5becf89ff18b7dd3f9ed1631c8187680",
        "is_verified": false,
        "line_number": 2,
        "is_secret": false
      },
      {
        "type": "Hex High Entropy String",
        "filename": "cdc/fixtures/expectations.json",
        "hashed_secret": "83e82b74631a43a6bef2c20e61e14342531948e3",
        "is_verified": false,
        "line_number": 3,
        "is_secret": false
      },
      {
        "type": "Hex High Entropy String",
        "filename": "cdc/fixtures/expectations.json",
        "hashed_secret": "4d17bffa7361ab1e9913a6a2b0f1500a37c45771",
        "is_verified": false,
        "line_number": 4,
        "is_secret": false
      },
      {
        "type": "Hex High Entropy String",
        "filename": "cdc/fixtures/expectations.json",
        "hashed_secret": "3c4b85a982459adb3ddd65033ec2fcff2de6fcaf",
        "is_verified": false,
        "line_number": 10,
        "is_secret": false
      }
    ],
    "cdc/tests/test_connector_registration.py": [
      {
        "type": "Secret Keyword",
        "filename": "cdc/tests/test_connector_registration.py",
        "hashed_secret": "4a966b3130a4a7f922a189fca4f8b35318242f5f",
        "is_verified": false,
        "line_number": 364,
        "is_secret": false
      }
    ],
    "lake/fixtures/expectations.json": [
      {
        "type": "Hex High Entropy String",
        "filename": "lake/fixtures/expectations.json",
        "hashed_secret": "edcbf1d61cb13f2dfeffa92ed3ffa824372753d5",
        "is_verified": false,
        "line_number": 3,
        "is_secret": false
      },
      {
        "type": "Hex High Entropy String",
        "filename": "lake/fixtures/expectations.json",
        "hashed_secret": "7b970ce9babed322f82c44ea5ccb5e171a4f533e",
        "is_verified": false,
        "line_number": 27,
        "is_secret": false
      }
    ],
    "mlops/fixtures/expectations.json": [
      {
        "type": "Hex High Entropy String",
        "filename": "mlops/fixtures/expectations.json",
        "hashed_secret": "ef76249e41afc1926925b698c0ae0e82af016523",
        "is_verified": false,
        "line_number": 47,
        "is_secret": false
      },
      {
        "type": "Hex High Entropy String",
        "filename": "mlops/fixtures/expectations.json",
        "hashed_secret": "99ea55b6e836e227adfcd9e796c917b76dee4b8c",
        "is_verified": false,
        "line_number": 73,
        "is_secret": false
      }
    ],
    "scripts/cdc_record_fixture.py": [
      {
        "type": "Basic Auth Credentials",
        "filename": "scripts/cdc_record_fixture.py",
        "hashed_secret": "4a966b3130a4a7f922a189fca4f8b35318242f5f",
        "is_verified": false,
        "line_number": 68,
        "is_secret": false
      }
    ],
    "scripts/cdc_smoke.py": [
      {
        "type": "Basic Auth Credentials",
        "filename": "scripts/cdc_smoke.py",
        "hashed_secret": "4a966b3130a4a7f922a189fca4f8b35318242f5f",
        "is_verified": false,
        "line_number": 52,
        "is_secret": false
      },
      {
        "type": "Secret Keyword",
        "filename": "scripts/cdc_smoke.py",
        "hashed_secret": "939bb46a04c3640c8c427e92b1b557e882e2d2a0",
        "is_verified": false,
        "line_number": 87,
        "is_secret": false
      }
    ],
    "scripts/drill_p1_slot_bloat.py": [
      {
        "type": "Basic Auth Credentials",
        "filename": "scripts/drill_p1_slot_bloat.py",
        "hashed_secret": "4a966b3130a4a7f922a189fca4f8b35318242f5f",
        "is_verified": false,
        "line_number": 46,
        "is_secret": false
      }
    ],
    "scripts/loadtest_signed_serving.py": [
      {
        "type": "Hex High Entropy String",
        "filename": "scripts/loadtest_signed_serving.py",
        "hashed_secret": "e726f72a3feda7044ac528ac5a6603772a316f6b",
        "is_verified": false,
        "line_number": 91,
        "is_secret": false
      }
    ],
    "scripts/phase5_tenant_smoke.py": [
      {
        "type": "Basic Auth Credentials",
        "filename": "scripts/phase5_tenant_smoke.py",
        "hashed_secret": "4a966b3130a4a7f922a189fca4f8b35318242f5f",
        "is_verified": false,
        "line_number": 44,
        "is_secret": false
      }
    ],
    "serving/app/watchlist.py": [
      {
        "type": "Secret Keyword",
        "filename": "serving/app/watchlist.py",
        "hashed_secret": "939bb46a04c3640c8c427e92b1b557e882e2d2a0",
        "is_verified": false,
        "line_number": 226,
        "is_secret": false
      }
    ],
    "serving/env.example": [
      {
        "type": "Basic Auth Credentials",
        "filename": "serving/env.example",
        "hashed_secret": "62c4f1df502f2c7973c36ed9352be17c0d48e2be",
        "is_verified": false,
        "line_number": 7,
        "is_secret": false
      }
    ],
    "streaming/fixtures/expectations.json": [
      {
        "type": "Hex High Entropy String",
        "filename": "streaming/fixtures/expectations.json",
        "hashed_secret": "f155bdcdfaacbd2d6c2d1ffb7be1565f3f664a1a",
        "is_verified": false,
        "line_number": 3,
        "is_secret": false
      }
    ],
    "streaming/ingestor/tests/test_live.py": [
      {
        "type": "Secret Keyword",
        "filename": "streaming/ingestor/tests/test_live.py",
        "hashed_secret": "dd65c1b4b3e66e765523873bd29cf5d6d6838189",
        "is_verified": false,
        "line_number": 32,
        "is_secret": false
      }
    ],
    "tests/e2e/test_phase2.py": [
      {
        "type": "Secret Keyword",
        "filename": "tests/e2e/test_phase2.py",
        "hashed_secret": "939bb46a04c3640c8c427e92b1b557e882e2d2a0",
        "is_verified": false,
        "line_number": 77,
        "is_secret": false
      }
    ]
  },
  "generated_at": "2026-09-23T04:22:55Z"
}
